[2026-09-18 20:01:11,207][src.utils.utils][INFO] - [rank: 0] Enforcing tags! <cfg.extras.enforce_tags=True>
[2026-09-18 20:01:11,212][__main__][INFO] - [rank: 0] Instantiating datamodule <src.data.bt_mri_datamodule.BTMRIDataModule>
[2026-09-18 20:01:11,243][__main__][INFO] - [rank: 0] Instantiating analysis <src.analysis.fusion_study.FusionStudy>
[2026-09-18 20:01:11,272][__main__][INFO] - [rank: 0] Running analysis; artefacts will be written to /kaggle/working/thesis/logs/analyze/runs/step13_fusion_swin
[2026-09-18 20:01:11,292][src.data.bt_mri_feature_datamodule][INFO] - [rank: 0] Feature cache 'swin' loaded - train 4617, val 990, test 990; dims classical=768, spatial=32, quantum=4
[2026-09-18 20:01:11,292][src.analysis.fusion_study][INFO] - [rank: 0] Feature widths: classical=768, spatial=32, quantum=4
[2026-09-18 20:01:11,292][src.analysis.fusion_study][INFO] - [rank: 0] [1/3] fusion=concat
[2026-09-18 20:01:11,702][src.data.bt_mri_feature_datamodule][INFO] - [rank: 0] Feature cache 'swin' loaded - train 4617, val 990, test 990; dims classical=768, spatial=32, quantum=4
[2026-09-18 20:01:37,464][src.analysis.fusion_study][INFO] - [rank: 0]     val macro-F1 0.9815 | balanced acc 0.9817 | ECE 0.0171 | params 76,868
[2026-09-18 20:01:37,476][src.analysis.fusion_study][INFO] - [rank: 0] [2/3] fusion=se  (~52s remaining)
[2026-09-18 20:01:37,548][src.data.bt_mri_feature_datamodule][INFO] - [rank: 0] Feature cache 'swin' loaded - train 4617, val 990, test 990; dims classical=768, spatial=32, quantum=4
[2026-09-18 20:02:04,634][src.analysis.fusion_study][INFO] - [rank: 0]     val macro-F1 0.9836 | balanced acc 0.9838 | ECE 0.0151 | params 95,540
[2026-09-18 20:02:04,636][src.analysis.fusion_study][INFO] - [rank: 0] [3/3] fusion=gated  (~27s remaining)
[2026-09-18 20:02:04,723][src.data.bt_mri_feature_datamodule][INFO] - [rank: 0] Feature cache 'swin' loaded - train 4617, val 990, test 990; dims classical=768, spatial=32, quantum=4
[2026-09-18 20:02:32,558][src.analysis.fusion_study][INFO] - [rank: 0]     val macro-F1 0.9846 | balanced acc 0.9847 | ECE 0.0151 | params 66,759
[2026-09-18 20:02:32,567][src.analysis.base][INFO] - [rank: 0] [step13_fusion] wrote step13_fusion_comparison.csv (3 rows)
[2026-09-18 20:02:32,715][src.analysis.fusion_study][INFO] - [rank: 0] 
strategy  macro_f1  balanced_accuracy  min_class_recall  recall_Glioma  recall_Meningioma  recall_Pituitary  recall_No-tumor  best_val_f1      ece  trainable_parameters
   gated  0.984588           0.984736          0.978261       0.987654           0.978261          0.980843         0.992188     0.986546 0.015075                 66759
      se  0.983594           0.983779          0.977011       0.987654           0.978261          0.977011         0.992188     0.985641 0.015111                 95540
  concat  0.981499           0.981721          0.977011       0.979424           0.978261          0.977011         0.992188     0.986619 0.017114                 76868
[2026-09-18 20:02:32,716][src.analysis.fusion_study][INFO] - [rank: 0] Selected fusion strategy: gated - gated beat the concatenation baseline by +0.0031 validation macro-F1, exceeding the 0.0 threshold
[2026-09-18 20:02:32,722][src.analysis.fusion_study][INFO] - [rank: 0] Branch ablation: full
[2026-09-18 20:02:32,787][src.data.bt_mri_feature_datamodule][INFO] - [rank: 0] Feature cache 'swin' loaded - train 4617, val 990, test 990; dims classical=768, spatial=32, quantum=4
[2026-09-18 20:03:00,515][src.analysis.fusion_study][INFO] - [rank: 0]     val macro-F1 0.9846
[2026-09-18 20:03:00,517][src.analysis.fusion_study][INFO] - [rank: 0] Branch ablation: no_classical
[2026-09-18 20:03:00,595][src.data.bt_mri_feature_datamodule][INFO] - [rank: 0] Feature cache 'swin' loaded - train 4617, val 990, test 990; dims classical=768, spatial=32, quantum=4; zeroed=['classical']
[2026-09-18 20:03:28,275][src.analysis.fusion_study][INFO] - [rank: 0]     val macro-F1 0.7925
[2026-09-18 20:03:28,277][src.analysis.fusion_study][INFO] - [rank: 0] Branch ablation: no_spatial
[2026-09-18 20:03:28,339][src.data.bt_mri_feature_datamodule][INFO] - [rank: 0] Feature cache 'swin' loaded - train 4617, val 990, test 990; dims classical=768, spatial=32, quantum=4; zeroed=['spatial']
[2026-09-18 20:03:56,840][src.analysis.fusion_study][INFO] - [rank: 0]     val macro-F1 0.9835
[2026-09-18 20:03:56,842][src.analysis.fusion_study][INFO] - [rank: 0] Branch ablation: no_quantum
[2026-09-18 20:03:56,915][src.data.bt_mri_feature_datamodule][INFO] - [rank: 0] Feature cache 'swin' loaded - train 4617, val 990, test 990; dims classical=768, spatial=32, quantum=4; zeroed=['quantum']
[2026-09-18 20:04:24,822][src.analysis.fusion_study][INFO] - [rank: 0]     val macro-F1 0.9846
[2026-09-18 20:04:24,825][src.analysis.base][INFO] - [rank: 0] [step13_fusion] wrote step13_branch_ablation.csv (4 rows)
[2026-09-18 20:04:24,830][src.analysis.fusion_study][INFO] - [rank: 0] 
   condition      zeroed  macro_f1  balanced_accuracy  min_class_recall  recall_Glioma  recall_Meningioma  recall_Pituitary  recall_No-tumor  best_val_f1      ece  trainable_parameters
        full          []  0.984588           0.984736          0.978261       0.987654           0.978261          0.980843         0.992188     0.986546 0.015075                 66759
no_classical [classical]  0.792529           0.805413          0.417391       0.954733           0.417391          0.904215         0.945312     0.802856 0.083799                 66759
  no_spatial   [spatial]  0.983540           0.983708          0.978261       0.983539           0.978261          0.980843         0.992188     0.986596 0.015764                 66759
  no_quantum   [quantum]  0.984588           0.984736          0.978261       0.987654           0.978261          0.980843         0.992188     0.986546 0.015317                 66759
[2026-09-18 20:07:31,918][src.data.bt_mri_feature_datamodule][INFO] - [rank: 0] Feature cache 'swin' loaded - train 4617, val 990, test 990; dims classical=768, spatial=32, quantum=4
[2026-09-18 20:07:48,240][src.analysis.base][INFO] - [rank: 0] [step13_fusion] wrote step13_gated_branch_weights.csv (990 rows)
[2026-09-18 20:07:48,240][src.analysis.fusion_study][INFO] - [rank: 0] Mean learned branch weights (gated fusion): {'classical': 0.9999768733978271, 'spatial': 9.189657248498406e-06, 'quantum': 1.3930013665230945e-05}
[2026-09-18 20:07:48,247][src.analysis.base][INFO] - [rank: 0] [step13_fusion] wrote step13_fusion_summary.json
[2026-09-18 20:07:48,248][src.utils.utils][INFO] - [rank: 0] Output dir: /kaggle/working/thesis/logs/analyze/runs/step13_fusion_swin
