[2026-09-18 20:07:59,977][src.utils.utils][INFO] - [rank: 0] Enforcing tags! <cfg.extras.enforce_tags=True>
[2026-09-18 20:07:59,981][__main__][INFO] - [rank: 0] Instantiating datamodule <src.data.bt_mri_datamodule.BTMRIDataModule>
[2026-09-18 20:08:00,008][__main__][INFO] - [rank: 0] Instantiating analysis <src.analysis.loss_selection.LossSelection>
[2026-09-18 20:08:00,193][__main__][INFO] - [rank: 0] Running analysis; artefacts will be written to /kaggle/working/thesis/logs/analyze/runs/step14_loss_selection_swin
[2026-09-18 20:08:00,226][src.data.bt_mri_feature_datamodule][INFO] - [rank: 0] Feature cache 'swin' loaded - train 4617, val 990, test 990; dims classical=768, spatial=32, quantum=4
[2026-09-18 20:08:00,226][src.analysis.loss_selection][INFO] - [rank: 0] [1/3] loss=weighted_ce
[2026-09-18 20:08:00,640][src.data.bt_mri_feature_datamodule][INFO] - [rank: 0] Feature cache 'swin' loaded - train 4617, val 990, test 990; dims classical=768, spatial=32, quantum=4
[2026-09-18 20:08:35,464][src.analysis.loss_selection][INFO] - [rank: 0]     val macro-F1 0.9795 | balanced acc 0.9801 | ECE 0.0160
[2026-09-18 20:08:35,467][src.analysis.loss_selection][INFO] - [rank: 0] [2/3] loss=focal  (~70s remaining)
[2026-09-18 20:08:35,542][src.data.bt_mri_feature_datamodule][INFO] - [rank: 0] Feature cache 'swin' loaded - train 4617, val 990, test 990; dims classical=768, spatial=32, quantum=4
[2026-09-18 20:09:11,158][src.analysis.loss_selection][INFO] - [rank: 0]     val macro-F1 0.9836 | balanced acc 0.9840 | ECE 0.0074
[2026-09-18 20:09:11,160][src.analysis.loss_selection][INFO] - [rank: 0] [3/3] loss=plain_ce  (~35s remaining)
[2026-09-18 20:09:11,239][src.data.bt_mri_feature_datamodule][INFO] - [rank: 0] Feature cache 'swin' loaded - train 4617, val 990, test 990; dims classical=768, spatial=32, quantum=4
[2026-09-18 20:09:45,397][src.analysis.loss_selection][INFO] - [rank: 0]     val macro-F1 0.9805 | balanced acc 0.9810 | ECE 0.0144
[2026-09-18 20:09:45,401][src.analysis.base][INFO] - [rank: 0] [step14_loss_selection] wrote step14_loss_ablation.csv (3 rows)
[2026-09-18 20:09:45,641][src.analysis.loss_selection][INFO] - [rank: 0] 
       loss  selectable  macro_f1  balanced_accuracy  min_class_recall  recall_Glioma  recall_Meningioma  recall_Pituitary  recall_No-tumor  best_val_f1      ece  trainable_parameters
      focal        True  0.983569           0.984037          0.969349       0.987654           0.986957          0.969349         0.992188     0.984584 0.007365                 85252
   plain_ce       False  0.980484           0.980963          0.965517       0.983539           0.982609          0.965517         0.992188     0.985553 0.014393                 85252
weighted_ce        True  0.979498           0.980063          0.961686       0.979424           0.986957          0.961686         0.992188     0.983560 0.015969                 85252
[2026-09-18 20:09:45,653][src.analysis.loss_selection][INFO] - [rank: 0] Selected loss: focal - higher validation macro_f1 than weighted_ce (0.9836 vs 0.9795); selected on validation only
[2026-09-18 20:09:45,660][src.analysis.base][INFO] - [rank: 0] [step14_loss_selection] wrote step14_loss_selection_summary.json
[2026-09-18 20:09:45,661][src.utils.utils][INFO] - [rank: 0] Output dir: /kaggle/working/thesis/logs/analyze/runs/step14_loss_selection_swin
